---
source: crates/coducktor-tui/src/screens/thread/mod.rs
expression: terminal.backend().buffer()
---
Buffer {
    area: Rect { x: 0, y: 0, width: 80, height: 24 },
    content: [
        " [=] coducktor / main /p/main/tasks/run-1  [running 0] [needs 0]  [Ctrl+K]      ",
        "Ship the shell  [needs review] ●                                                ",
        "quick-task  0 tok  $0.00                                                        ",
        " Session  Changes  Files  Commits                                               ",
        "[Finish] [Continue] [Terminal] [Archive] [Delete]                               ",
        "take over: claude --resume sess-1                                               ",
        "▸ agent  step 1 of 1                                                            ",
        "────────────────────────────────────────────────────────────────────────────────",
        "│Ship the shell                                                                 ",
        "                                                                                ",
        "                                                                                ",
        "                                                                                ",
        "                                                                                ",
        "                                                                                ",
        "                                                                                ",
        "Review the changes before anything lands.                                       ",
        "notes:                                                                          ",
        "[Send back] [Draft PR] [Accept]                                                 ",
        "┌ COMPOSER (i to type) ────────────────────────────────────────────────────────┐",
        "│                                                                              │",
        "│  [attach]                                                                    │",
        "│  Enter send · Shift+Enter newline · Ctrl+Enter send · / skills · Alt+A / Alt │",
        "└──────────────────────────────────────────────────────────────────────────────┘",
        " NORMAL  main  dark  v0.1.0  [providers --]  ? help                             ",
    ],
    styles: [
        x: 0, y: 0, fg: Rgb(168, 216, 80), bg: Rgb(29, 32, 36), underline: Reset, modifier: BOLD,
        x: 15, y: 0, fg: Rgb(235, 238, 242), bg: Rgb(29, 32, 36), underline: Reset, modifier: NONE,
        x: 41, y: 0, fg: Reset, bg: Rgb(29, 32, 36), underline: Reset, modifier: NONE,
        x: 43, y: 0, fg: Rgb(100, 180, 255), bg: Rgb(29, 32, 36), underline: Reset, modifier: NONE,
        x: 54, y: 0, fg: Reset, bg: Rgb(29, 32, 36), underline: Reset, modifier: NONE,
        x: 55, y: 0, fg: Rgb(245, 190, 80), bg: Rgb(29, 32, 36), underline: Reset, modifier: NONE,
        x: 64, y: 0, fg: Reset, bg: Rgb(29, 32, 36), underline: Reset, modifier: NONE,
        x: 0, y: 1, fg: Rgb(235, 238, 242), bg: Reset, underline: Reset, modifier: BOLD,
        x: 14, y: 1, fg: Rgb(235, 238, 242), bg: Reset, underline: Reset, modifier: NONE,
        x: 16, y: 1, fg: Rgb(190, 130, 245), bg: Reset, underline: Reset, modifier: NONE,
        x: 32, y: 1, fg: Rgb(235, 238, 242), bg: Reset, underline: Reset, modifier: NONE,
        x: 0, y: 2, fg: Rgb(157, 164, 174), bg: Reset, underline: Reset, modifier: NONE,
        x: 24, y: 2, fg: Rgb(235, 238, 242), bg: Reset, underline: Reset, modifier: NONE,
        x: 0, y: 3, fg: Rgb(168, 216, 80), bg: Reset, underline: Reset, modifier: BOLD,
        x: 9, y: 3, fg: Rgb(157, 164, 174), bg: Reset, underline: Reset, modifier: NONE,
        x: 34, y: 3, fg: Rgb(235, 238, 242), bg: Reset, underline: Reset, modifier: NONE,
        x: 0, y: 5, fg: Rgb(157, 164, 174), bg: Reset, underline: Reset, modifier: DIM,
        x: 33, y: 5, fg: Rgb(235, 238, 242), bg: Reset, underline: Reset, modifier: NONE,
        x: 0, y: 6, fg: Rgb(157, 164, 174), bg: Reset, underline: Reset, modifier: NONE,
        x: 2, y: 6, fg: Rgb(235, 238, 242), bg: Reset, underline: Reset, modifier: NONE,
        x: 7, y: 6, fg: Rgb(157, 164, 174), bg: Reset, underline: Reset, modifier: NONE,
        x: 20, y: 6, fg: Reset, bg: Reset, underline: Reset, modifier: NONE,
        x: 0, y: 7, fg: Rgb(61, 66, 74), bg: Reset, underline: Reset, modifier: NONE,
        x: 1, y: 8, fg: Rgb(235, 238, 242), bg: Reset, underline: Reset, modifier: NONE,
        x: 0, y: 9, fg: Reset, bg: Reset, underline: Reset, modifier: NONE,
        x: 0, y: 15, fg: Rgb(190, 130, 245), bg: Reset, underline: Reset, modifier: BOLD,
        x: 41, y: 15, fg: Reset, bg: Reset, underline: Reset, modifier: NONE,
        x: 0, y: 16, fg: Rgb(157, 164, 174), bg: Reset, underline: Reset, modifier: NONE,
        x: 7, y: 16, fg: Reset, bg: Reset, underline: Reset, modifier: NONE,
        x: 0, y: 17, fg: Rgb(235, 238, 242), bg: Reset, underline: Reset, modifier: NONE,
        x: 32, y: 17, fg: Reset, bg: Reset, underline: Reset, modifier: NONE,
        x: 0, y: 18, fg: Rgb(61, 66, 74), bg: Reset, underline: Reset, modifier: NONE,
        x: 1, y: 19, fg: Reset, bg: Reset, underline: Reset, modifier: NONE,
        x: 79, y: 19, fg: Rgb(61, 66, 74), bg: Reset, underline: Reset, modifier: NONE,
        x: 1, y: 20, fg: Reset, bg: Reset, underline: Reset, modifier: NONE,
        x: 2, y: 20, fg: Rgb(157, 164, 174), bg: Reset, underline: Reset, modifier: NONE,
        x: 78, y: 20, fg: Reset, bg: Reset, underline: Reset, modifier: NONE,
        x: 79, y: 20, fg: Rgb(61, 66, 74), bg: Reset, underline: Reset, modifier: NONE,
        x: 1, y: 21, fg: Reset, bg: Reset, underline: Reset, modifier: NONE,
        x: 2, y: 21, fg: Rgb(157, 164, 174), bg: Reset, underline: Reset, modifier: NONE,
        x: 78, y: 21, fg: Reset, bg: Reset, underline: Reset, modifier: NONE,
        x: 79, y: 21, fg: Rgb(61, 66, 74), bg: Reset, underline: Reset, modifier: NONE,
        x: 0, y: 23, fg: Rgb(157, 164, 174), bg: Rgb(29, 32, 36), underline: Reset, modifier: NONE,
    ]
}
