---
source: crates/coducktor-tui/src/app.rs
expression: terminal.backend().buffer()
---
Buffer {
    area: Rect { x: 0, y: 0, width: 80, height: 24 },
    content: [
        " [=] coducktor / main /p/main  [running 0] [needs 0]  [Ctrl+K]                  ",
        " TASKS — main  Active 0  Needs you 0  Finished 0  filter: active                ",
        "┌TASKS — main──────────────────────────────────────────────────────────────────┐",
        "│STATUS TASK WORKFLOW br ± REF        IN/OUT     COST                          │",
        "│No tasks in this project. Press n for New task.                               │",
        "│                                                                              │",
        "│                                                                              │",
        "│                                                                              │",
        "│                                                                              │",
        "│                                                                              │",
        "│                                                                              │",
        "│                                                                              │",
        "│                                                                              │",
        "│                                                                              │",
        "│                                                                              │",
        "│                                                                              │",
        "│                                                                              │",
        "│                                                                              │",
        "│                                                                              │",
        "│                                                                              │",
        "│                                                                              │",
        "│                                                                              │",
        "└──────────────────────────────────────────────────────────────────────────────┘",
        " NORMAL  main  lazyvim  v0.1.0  [providers --]  ? help                          ",
    ],
    styles: [
        x: 0, y: 0, fg: Rgb(122, 162, 247), bg: Rgb(36, 40, 59), underline: Reset, modifier: BOLD,
        x: 15, y: 0, fg: Rgb(192, 202, 245), bg: Rgb(36, 40, 59), underline: Reset, modifier: NONE,
        x: 29, y: 0, fg: Reset, bg: Rgb(36, 40, 59), underline: Reset, modifier: NONE,
        x: 31, y: 0, fg: Rgb(100, 180, 255), bg: Rgb(36, 40, 59), underline: Reset, modifier: NONE,
        x: 42, y: 0, fg: Reset, bg: Rgb(36, 40, 59), underline: Reset, modifier: NONE,
        x: 43, y: 0, fg: Rgb(245, 190, 80), bg: Rgb(36, 40, 59), underline: Reset, modifier: NONE,
        x: 52, y: 0, fg: Reset, bg: Rgb(36, 40, 59), underline: Reset, modifier: NONE,
        x: 0, y: 1, fg: Rgb(192, 202, 245), bg: Rgb(36, 40, 59), underline: Reset, modifier: BOLD,
        x: 15, y: 1, fg: Rgb(122, 162, 247), bg: Rgb(36, 40, 59), underline: Reset, modifier: BOLD,
        x: 23, y: 1, fg: Reset, bg: Rgb(36, 40, 59), underline: Reset, modifier: NONE,
        x: 25, y: 1, fg: Rgb(245, 190, 80), bg: Rgb(36, 40, 59), underline: Reset, modifier: NONE,
        x: 36, y: 1, fg: Reset, bg: Rgb(36, 40, 59), underline: Reset, modifier: NONE,
        x: 38, y: 1, fg: Rgb(130, 139, 184), bg: Rgb(36, 40, 59), underline: Reset, modifier: NONE,
        x: 48, y: 1, fg: Reset, bg: Rgb(36, 40, 59), underline: Reset, modifier: NONE,
        x: 50, y: 1, fg: Rgb(130, 139, 184), bg: Rgb(36, 40, 59), underline: Reset, modifier: NONE,
        x: 64, y: 1, fg: Reset, bg: Rgb(36, 40, 59), underline: Reset, modifier: NONE,
        x: 0, y: 2, fg: Reset, bg: Reset, underline: Reset, modifier: NONE,
        x: 1, y: 3, fg: Reset, bg: Reset, underline: Reset, modifier: BOLD,
        x: 7, y: 3, fg: Reset, bg: Reset, underline: Reset, modifier: NONE,
        x: 8, y: 3, fg: Reset, bg: Reset, underline: Reset, modifier: BOLD,
        x: 12, y: 3, fg: Reset, bg: Reset, underline: Reset, modifier: NONE,
        x: 13, y: 3, fg: Reset, bg: Reset, underline: Reset, modifier: BOLD,
        x: 21, y: 3, fg: Reset, bg: Reset, underline: Reset, modifier: NONE,
        x: 22, y: 3, fg: Reset, bg: Reset, underline: Reset, modifier: BOLD,
        x: 24, y: 3, fg: Reset, bg: Reset, underline: Reset, modifier: NONE,
        x: 25, y: 3, fg: Reset, bg: Reset, underline: Reset, modifier: BOLD,
        x: 26, y: 3, fg: Reset, bg: Reset, underline: Reset, modifier: NONE,
        x: 27, y: 3, fg: Reset, bg: Reset, underline: Reset, modifier: BOLD,
        x: 30, y: 3, fg: Reset, bg: Reset, underline: Reset, modifier: NONE,
        x: 31, y: 3, fg: Reset, bg: Reset, underline: Reset, modifier: BOLD,
        x: 44, y: 3, fg: Reset, bg: Reset, underline: Reset, modifier: NONE,
        x: 45, y: 3, fg: Reset, bg: Reset, underline: Reset, modifier: BOLD,
        x: 53, y: 3, fg: Reset, bg: Reset, underline: Reset, modifier: NONE,
        x: 0, y: 23, fg: Rgb(130, 139, 184), bg: Rgb(36, 40, 59), underline: Reset, modifier: NONE,
    ]
}
